// Jest Snapshot v1, https://goo.gl/fbAQLP

exports[`MenuItem Jest snapshot 1`] = `
<View
  accessible={true}
  collapsable={false}
  focusable={true}
  onClick={[Function]}
  onResponderGrant={[Function]}
  onResponderMove={[Function]}
  onResponderRelease={[Function]}
  onResponderTerminate={[Function]}
  onResponderTerminationRequest={[Function]}
  onStartShouldSetResponder={[Function]}
  style={
    Object {
      "marginTop": 30,
      "opacity": 1,
    }
  }
  testID="menu-section-item-touchable-0"
>
  <Text
    style={
      Object {
        "alignSelf": "center",
        "borderBottomWidth": 0,
        "fontFamily": "Montserrat-Regular",
        "paddingBottom": 10,
        "textAlign": "center",
      }
    }
    testID="menu-section-item-text-0"
  >
    MY MENUS
  </Text>
</View>
`;
